
> @figma/my-make-file@0.0.1 build
> vite build

[36mvite v6.3.5 [32mbuilding for production...[36m[39m
transforming...
[32mΓ£ô[39m 1917 modules transformed.
node.exe : [31mΓ£ù[39m 
Build failed in 3.67s
At line:1 char:1
+ & "C:\Program 
Files\nodejs/node.exe" 
"C:\Program 
Files\nodejs/node_mo ...
+ ~~~~~~~~~~~~~~~~~~~~~~~~~~~
~~~~~~~~~~~~~~~~~~~~~~~~~~~~~
~~~~~~~~~~~~~
    + CategoryInfo           
   : NotSpecified: ([31mΓ£  
  ù[39m Build failed in 3   
 .67s:String) [], RemoteE    
xception
    + FullyQualifiedErrorId  
   : NativeCommandError
 
[31merror during build:
[31mCould not resolve "./ani
mation/JSAnimation.mjs" from 
"node_modules/motion-dom/dist
/es/index.mjs"[31m
file: [36mD:/New folder/App 
Builder/node_modules/motion-d
om/dist/es/index.mjs[31m
    at getRollupError (file:/
//D:/New%20folder/App%20Build
er/node_modules/rollup/dist/e
s/shared/parseAst.js:402:41)
    at error (file:///D:/New%
20folder/App%20Builder/node_m
odules/rollup/dist/es/shared/
parseAst.js:398:42)
    at ModuleLoader.handleInv
alidResolvedId (file:///D:/Ne
w%20folder/App%20Builder/node
_modules/rollup/dist/es/share
d/node-entry.js:21710:24)
    at file:///D:/New%20folde
r/App%20Builder/node_modules/
rollup/dist/es/shared/node-en
try.js:21670:26[39m
